
> hotel-common@1.0.0 build
> tsc

src/api/unified-client.ts(1,10): error TS2305: Module '"@prisma/client"' has no exported member 'staff'.
src/api/unified-client.ts(9,15): error TS2305: Module '"@prisma/client"' has no exported member 'Tenant'.
src/database/index.ts(1,10): error TS2305: Module '"@prisma/client"' has no exported member 'PrismaClient'.
src/database/prisma-adapter.ts(9,15): error TS2305: Module '"@prisma/client"' has no exported member 'PrismaClient'.
src/database/prisma-adapter.ts(451,44): error TS7006: Parameter 'tx' implicitly has an 'any' type.
src/database/prisma.ts(1,10): error TS2305: Module '"@prisma/client"' has no exported member 'PrismaClient'.
src/database/soft-delete-middleware.ts(10,15): error TS2305: Module '"@prisma/client"' has no exported member 'PrismaClient'.
src/database/soft-delete-middleware.ts(75,22): error TS7006: Parameter 'params' implicitly has an 'any' type.
src/database/soft-delete-middleware.ts(75,30): error TS7006: Parameter 'next' implicitly has an 'any' type.
src/database/unified-client-simple.ts(3,15): error TS2305: Module '"@prisma/client"' has no exported member 'PrismaClient'.
src/database/unified-client.ts(5,15): error TS2305: Module '"@prisma/client"' has no exported member 'PrismaClient'.
src/database/unified-client.ts(274,50): error TS7006: Parameter 'tx' implicitly has an 'any' type.
src/integrations/app-launcher/services.ts(14,15): error TS2305: Module '"@prisma/client"' has no exported member 'PrismaClient'.
src/integrations/campaigns/welcome-screen-service.ts(164,26): error TS7006: Parameter 'campaign' implicitly has an 'any' type.
src/integrations/campaigns/welcome-screen-service.ts(195,45): error TS7006: Parameter 'campaign' implicitly has an 'any' type.
src/repositories/response-tree/response-mobile-link.repository.ts(1,10): error TS2305: Module '"@prisma/client"' has no exported member 'PrismaClient'.
src/repositories/response-tree/response-node.repository.ts(1,10): error TS2305: Module '"@prisma/client"' has no exported member 'PrismaClient'.
src/repositories/response-tree/response-session.repository.ts(1,10): error TS2305: Module '"@prisma/client"' has no exported member 'PrismaClient'.
src/routes/api/v1/admin/resources.router.ts(11,36): error TS2307: Cannot find module './resources/[resource]-[id].delete' or its corresponding type declarations.
src/routes/api/v1/admin/resources.router.ts(12,33): error TS2307: Cannot find module './resources/[resource]-[id].get' or its corresponding type declarations.
src/routes/api/v1/admin/resources.router.ts(13,36): error TS2307: Cannot find module './resources/[resource]-[id].patch' or its corresponding type declarations.
src/routes/api/v1/admin/resources/[resource].get.ts(117,40): error TS7006: Parameter 's' implicitly has an 'any' type.
src/routes/systems/common/accounting.routes.ts(101,44): error TS7006: Parameter 'invoice' implicitly has an 'any' type.
src/routes/systems/common/accounting.routes.ts(129,40): error TS7006: Parameter 'sum' implicitly has an 'any' type.
src/routes/systems/common/accounting.routes.ts(129,45): error TS7006: Parameter 'inv' implicitly has an 'any' type.
src/routes/systems/common/accounting.routes.ts(131,36): error TS7006: Parameter 's' implicitly has an 'any' type.
src/routes/systems/common/accounting.routes.ts(132,35): error TS7006: Parameter 's' implicitly has an 'any' type.
src/routes/systems/common/accounting.routes.ts(133,35): error TS7006: Parameter 's' implicitly has an 'any' type.
src/routes/systems/common/accounting.routes.ts(134,38): error TS7006: Parameter 's' implicitly has an 'any' type.
src/routes/systems/common/accounting.routes.ts(135,40): error TS7006: Parameter 's' implicitly has an 'any' type.
src/routes/systems/common/accounting.routes.ts(301,38): error TS7006: Parameter 'payment' implicitly has an 'any' type.
src/routes/systems/common/accounting.routes.ts(438,44): error TS7006: Parameter 'payment' implicitly has an 'any' type.
src/routes/systems/common/accounting.routes.ts(463,40): error TS7006: Parameter 'sum' implicitly has an 'any' type.
src/routes/systems/common/accounting.routes.ts(463,45): error TS7006: Parameter 'pay' implicitly has an 'any' type.
src/routes/systems/common/accounting.routes.ts(465,35): error TS7006: Parameter 'm' implicitly has an 'any' type.
src/routes/systems/common/accounting.routes.ts(466,42): error TS7006: Parameter 'm' implicitly has an 'any' type.
src/routes/systems/common/accounting.routes.ts(467,44): error TS7006: Parameter 'm' implicitly has an 'any' type.
src/routes/systems/common/accounting.routes.ts(468,45): error TS7006: Parameter 'm' implicitly has an 'any' type.
src/routes/systems/common/accounting.routes.ts(593,49): error TS7006: Parameter 's' implicitly has an 'any' type.
src/routes/systems/common/accounting.routes.ts(594,52): error TS7006: Parameter 's' implicitly has an 'any' type.
src/routes/systems/common/accounting.routes.ts(595,52): error TS7006: Parameter 's' implicitly has an 'any' type.
src/routes/systems/common/accounting.routes.ts(604,42): error TS7006: Parameter 'p' implicitly has an 'any' type.
src/routes/systems/common/accounting.routes.ts(605,49): error TS7006: Parameter 'p' implicitly has an 'any' type.
src/routes/systems/common/accounting.routes.ts(606,51): error TS7006: Parameter 'p' implicitly has an 'any' type.
src/routes/systems/common/accounting.routes.ts(607,52): error TS7006: Parameter 'p' implicitly has an 'any' type.
src/routes/systems/common/admin-operation-logs.routes.ts(129,36): error TS7006: Parameter 'log' implicitly has an 'any' type.
src/routes/systems/common/admin-operation-logs.routes.ts(149,32): error TS7006: Parameter 'log' implicitly has an 'any' type.
src/routes/systems/common/admin-operation-logs.routes.ts(150,29): error TS7006: Parameter 'log' implicitly has an 'any' type.
src/routes/systems/common/admin-operation-logs.routes.ts(151,30): error TS7006: Parameter 'log' implicitly has an 'any' type.
src/routes/systems/common/admin-operation-logs.routes.ts(153,35): error TS7006: Parameter 'acc' implicitly has an 'any' type.
src/routes/systems/common/admin-operation-logs.routes.ts(153,40): error TS7006: Parameter 'log' implicitly has an 'any' type.
src/routes/systems/common/admin-operation-logs.routes.ts(157,31): error TS7006: Parameter 'acc' implicitly has an 'any' type.
src/routes/systems/common/admin-operation-logs.routes.ts(157,36): error TS7006: Parameter 'log' implicitly has an 'any' type.
src/routes/systems/common/admin-operation-logs.routes.ts(300,42): error TS7006: Parameter 'log' implicitly has an 'any' type.
src/routes/systems/common/admin-operation-logs.routes.ts(301,38): error TS7006: Parameter 'log' implicitly has an 'any' type.
src/routes/systems/common/admin-operation-logs.routes.ts(302,35): error TS7006: Parameter 'acc' implicitly has an 'any' type.
src/routes/systems/common/admin-operation-logs.routes.ts(302,40): error TS7006: Parameter 'log' implicitly has an 'any' type.
src/routes/systems/common/admin-operation-logs.routes.ts(306,31): error TS7006: Parameter 'acc' implicitly has an 'any' type.
src/routes/systems/common/admin-operation-logs.routes.ts(306,36): error TS7006: Parameter 'log' implicitly has an 'any' type.
src/routes/systems/common/admin-operation-logs.routes.ts(310,29): error TS7006: Parameter 'acc' implicitly has an 'any' type.
src/routes/systems/common/admin-operation-logs.routes.ts(310,34): error TS7006: Parameter 'log' implicitly has an 'any' type.
src/routes/systems/common/admin-staff.routes.ts(242,42): error TS7006: Parameter 's' implicitly has an 'any' type.
src/routes/systems/common/admin-staff.routes.ts(262,52): error TS7006: Parameter 'staff' implicitly has an 'any' type.
src/routes/systems/common/admin-staff.routes.ts(271,60): error TS7006: Parameter 's' implicitly has an 'any' type.
src/routes/systems/common/admin-staff.routes.ts(372,42): error TS7006: Parameter 's' implicitly has an 'any' type.
src/routes/systems/common/admin-staff.routes.ts(385,52): error TS7006: Parameter 'staff' implicitly has an 'any' type.
src/routes/systems/common/admin-staff.routes.ts(391,60): error TS7006: Parameter 's' implicitly has an 'any' type.
src/routes/systems/common/admin-staff.routes.ts(433,43): error TS7006: Parameter 's' implicitly has an 'any' type.
src/routes/systems/common/auth.routes.ts(46,29): error TS7006: Parameter 's' implicitly has an 'any' type.
src/routes/systems/common/auth.routes.ts(81,31): error TS7006: Parameter 'staffMember' implicitly has an 'any' type.
src/routes/systems/common/auth.routes.ts(105,50): error TS7006: Parameter 't' implicitly has an 'any' type.
src/routes/systems/common/auth.routes.ts(115,52): error TS7006: Parameter 't' implicitly has an 'any' type.
src/routes/systems/common/auth.routes.ts(213,48): error TS7006: Parameter 't' implicitly has an 'any' type.
src/routes/systems/common/auth.routes.ts(234,48): error TS7006: Parameter 't' implicitly has an 'any' type.
src/routes/systems/common/front-desk-accounting.routes.ts(86,51): error TS7006: Parameter 'transaction' implicitly has an 'any' type.
src/routes/systems/common/front-desk-accounting.routes.ts(127,17): error TS7006: Parameter 'txn' implicitly has an 'any' type.
src/routes/systems/common/front-desk-accounting.routes.ts(128,18): error TS7006: Parameter 'sum' implicitly has an 'any' type.
src/routes/systems/common/front-desk-accounting.routes.ts(128,23): error TS7006: Parameter 'txn' implicitly has an 'any' type.
src/routes/systems/common/front-desk-accounting.routes.ts(130,17): error TS7006: Parameter 'txn' implicitly has an 'any' type.
src/routes/systems/common/front-desk-accounting.routes.ts(131,18): error TS7006: Parameter 'sum' implicitly has an 'any' type.
src/routes/systems/common/front-desk-accounting.routes.ts(131,23): error TS7006: Parameter 'txn' implicitly has an 'any' type.
src/routes/systems/common/front-desk-accounting.routes.ts(133,17): error TS7006: Parameter 'txn' implicitly has an 'any' type.
src/routes/systems/common/front-desk-accounting.routes.ts(134,18): error TS7006: Parameter 'sum' implicitly has an 'any' type.
src/routes/systems/common/front-desk-accounting.routes.ts(134,23): error TS7006: Parameter 'txn' implicitly has an 'any' type.
src/routes/systems/common/front-desk-accounting.routes.ts(136,36): error TS7006: Parameter 's' implicitly has an 'any' type.
src/routes/systems/common/front-desk-accounting.routes.ts(137,38): error TS7006: Parameter 's' implicitly has an 'any' type.
src/routes/systems/common/front-desk-accounting.routes.ts(138,38): error TS7006: Parameter 's' implicitly has an 'any' type.
src/routes/systems/common/front-desk-accounting.routes.ts(141,40): error TS7006: Parameter 'p' implicitly has an 'any' type.
src/routes/systems/common/front-desk-accounting.routes.ts(142,47): error TS7006: Parameter 'p' implicitly has an 'any' type.
src/routes/systems/common/front-desk-accounting.routes.ts(143,49): error TS7006: Parameter 'p' implicitly has an 'any' type.
src/routes/systems/common/front-desk-rooms.routes.ts(73,38): error TS7006: Parameter 'room' implicitly has an 'any' type.
src/routes/systems/common/front-desk-rooms.routes.ts(104,36): error TS7006: Parameter 's' implicitly has an 'any' type.
src/routes/systems/common/front-desk-rooms.routes.ts(105,35): error TS7006: Parameter 's' implicitly has an 'any' type.
src/routes/systems/common/front-desk-rooms.routes.ts(106,38): error TS7006: Parameter 's' implicitly has an 'any' type.
src/routes/systems/common/front-desk-rooms.routes.ts(107,35): error TS7006: Parameter 's' implicitly has an 'any' type.
src/routes/systems/common/front-desk-rooms.routes.ts(111,33): error TS7006: Parameter 't' implicitly has an 'any' type.
src/routes/systems/common/front-desk-rooms.routes.ts(112,31): error TS7006: Parameter 't' implicitly has an 'any' type.
src/routes/systems/common/front-desk-rooms.routes.ts(113,30): error TS7006: Parameter 't' implicitly has an 'any' type.
src/routes/systems/common/operation-logs.routes.ts(159,22): error TS7006: Parameter 'log' implicitly has an 'any' type.
src/routes/systems/common/operation-logs.routes.ts(489,32): error TS7006: Parameter 'log' implicitly has an 'any' type.
src/routes/systems/saas/admin-dashboard.routes.ts(224,34): error TS7006: Parameter 'sum' implicitly has an 'any' type.
src/routes/systems/saas/admin-dashboard.routes.ts(224,39): error TS7006: Parameter 'stat' implicitly has an 'any' type.
src/routes/systems/saas/admin-dashboard.routes.ts(225,36): error TS7006: Parameter 'acc' implicitly has an 'any' type.
src/routes/systems/saas/admin-dashboard.routes.ts(225,41): error TS7006: Parameter 'stat' implicitly has an 'any' type.
src/routes/systems/saas/admin-dashboard.routes.ts(238,38): error TS7006: Parameter 'acc' implicitly has an 'any' type.
src/routes/systems/saas/admin-dashboard.routes.ts(238,43): error TS7006: Parameter 'stat' implicitly has an 'any' type.
src/scripts/reset-database.ts(1,10): error TS2305: Module '"@prisma/client"' has no exported member 'PrismaClient'.
src/scripts/seed-test-data.ts(4,10): error TS2305: Module '"@prisma/client"' has no exported member 'PrismaClient'.
src/scripts/seed-test-data.ts(65,44): error TS7006: Parameter 't' implicitly has an 'any' type.
src/scripts/seed-test-data.ts(66,41): error TS7006: Parameter 't' implicitly has an 'any' type.
src/server/api-health.ts(1,10): error TS2305: Module '"@prisma/client"' has no exported member 'PrismaClient'.
src/server/integration-server-extended.ts(15,15): error TS2305: Module '"@prisma/client"' has no exported member 'PrismaClient'.
src/server/integration-server.ts(47,15): error TS2305: Module '"@prisma/client"' has no exported member 'PrismaClient'.
src/services/room-grade.service.ts(96,29): error TS7006: Parameter 'rg' implicitly has an 'any' type.
